FIELD/Alpha\/Beta Rift
ATTACKER/Red\/Wing/101/1
DEFENDER/Blue\/Guard/202/2
TIME/123456
CAPITAL/101/202
ALLIANCE/NONE
FL/101/11/First\/Strike/Admiral\/Ares/Raider\/Mk I/NONE/12/1000/5000/0/1
S/0/101/11/1/0/110/0/0/0
Y/0/101/11/12000/12000/6000/6000/12/12
FL/202/21/Home\/Guard/Admiral\/Bora/Guardian\/Mk II/NONE/10/9000/5000/180/2
S/0/202/21/2/0/100/0/0/1
Y/0/202/21/10000/10000/5000/5000/10/10
M/10/101/11/1500/5200/5/1/0/12
S/10/101/11/1/0/105/0/0/0
Y/10/101/11/12000/12000/5900/6000/12/12
M/10/202/21/8500/4800/175/2/0/10
S/10/202/21/2/0/70/1/1/1
Y/10/202/21/9200/10000/4300/5000/10/10
F/1/12/101/11/202/21/Laser\/Cannon/BEAM/4/73
H/1/12/3/1/4200/2
M/20/101/11/2200/5400/10/6/3/12
S/20/101/11/6/3/92/0/0/0
Y/20/101/11/11800/12000/5600/6000/12/12
M/20/202/21/7900/4600/170/10/7/8
S/20/202/21/10/7/42/2/1/0
Y/20/202/21/7300/10000/1200/5000/8/10
Y/24/202/21/0/10000/0/5000/0/10
D/24/202/21
ENDTURN/30
X/30/101/11/Admiral\/Ares/501/175
